// Jest Snapshot v1, https://goo.gl/fbAQLP

exports[`Button 1`] = `
<button
  className=" button button_default button_medium"
>
  Button
</button>
`;
